// Jest Snapshot v1, https://goo.gl/fbAQLP

exports[`renders correctly 1`] = `
<progress
  className="progressBar"
  max="1"
  value="0.5"
/>
`;
